     1                                  bits 32 ; assembling for the 32 bits architecture
     2                                  
     3                                  ; declare the EntryPoint (a label defining the very first instruction of the program)
     4                                  global start        
     5                                  
     6                                  ; declare external functions needed by our program
     7                                  extern exit               ; tell nasm that exit exists even if we won't be defining it
     8                                  import exit msvcrt.dll    ; exit is a function that ends the calling process. It is defined in msvcrt.dll
     9                                                            ; msvcrt.dll contains exit, printf and all the other important C-runtime specific functions
    10                                  
    11                                  ; our data is declared here (the variables needed by our program)
    12                                  segment data use32 class=data
    13                                      ; ...
    14                                  
    15 00000000 00                          a db 0
    16 00000001 0000                        b dw 0
    17                                  
    18 00000003 0000                        c dw 0
    19 00000005 00                          d db 0
    20                                  
    21                                  ; our code starts here
    22                                  segment code use32 class=code
    23                                      start:
    24                                          ; ...
    25                                      ;;  (A*B) +- (c*d)
    26                                      ;;  conversie cu semn
    27                                      ;;  conversie fara semn
    28 00000000 6A00                        push byte 0
    29                                      push byte [A]
    29          ******************       error: symbol `A' undefined
    30                                  
    31                                          ; exit(0)
    32 00000002 6A00                            push    dword 0      ; push the parameter for exit onto the stack
    33 00000004 FF15[00000000]                  call    [exit]       ; call exit to terminate the program
